// Jest Snapshot v1, https://goo.gl/fbAQLP

exports[` 1`] = `
<BrowserRouter>
  <Switch>
    <Route
      component={[Function]}
      exact={true}
      path="/"
    />
    <Route
      component={[Function]}
      exact={true}
      path="/leaderboard"
    />
    <Route
      component={[Function]}
      exact={true}
      path="/forum"
    />
    <Route
      component={[Function]}
      exact={true}
      path="/game"
    />
    <Route
      component={[Function]}
      exact={true}
      path="/profile"
    />
    <Route
      component={[Function]}
      exact={true}
      path="/auth"
    />
    <Route
      component={[Function]}
    />
  </Switch>
</BrowserRouter>
`;
